
> unnippillil@2.1.0 test
> jest __tests__/desktopWindowSizePersistence.test.tsx --no-coverage

node.exe : Missing env vars; running without validation
At line:1 char:1
+ & "C:\Program Files\nodejs/node.exe" "C:\Program 
Files\nodejs/node_mo ...
+ ~~~~~~~~~~~~~~~~~~~~~~~~~~~~~~~~~~~~~~~~~~~~~~~~~~~~~~~~~~~~~~~~
~~~~~
    + CategoryInfo          : NotSpecified: (Missing env var...   
 hout validation:String) [], RemoteException
    + FullyQualifiedErrorId : NativeCommandError
 
FAIL __tests__/desktopWindowSizePersistence.test.tsx
  Desktop window size persistence
    ├ù restores stored window dimensions after reload (237 ms)

  ΓùÅ Desktop window size persistence ΓÇ║ restores stored window 
dimensions after reload

    expect(received).toBeTruthy()

    Received: null

    [0m [90m 140 |[39m       )[33m;[39m
     [90m 141 |[39m     })[33m;[39m
    [31m[1m>[22m[39m[90m 142 |[39m     [36mawait[39m 
act([36masync[39m () [33m=>[39m {
     [90m     |[39m                           
[31m[1m^[22m[39m
     [90m 143 |[39m       [36mawait[39m 
[33mPromise[39m[33m.[39mresolve()[33m;[39m
     [90m 144 |[39m     })[33m;[39m
     [90m 145 |[39m     expect(desktopRefReloaded[33m.[39mcurr
ent)[33m.[39mtoBeDefined()[33m;[39m[0m

      at Object.<anonymous> 
(__tests__/desktopWindowSizePersistence.test.tsx:142:27)

A worker process has failed to exit gracefully and has been force 
exited. This is likely caused by tests leaking due to improper 
teardown. Try running with --detectOpenHandles to find leaks. 
Active timers can also cause this, ensure that .unref() was 
called on them.
Test Suites: 1 failed, 1 total
Tests:       1 failed, 1 total
Snapshots:   0 total
Time:        1.937 s
Ran all test suites matching 
__tests__/desktopWindowSizePersistence.test.tsx.
